                                    2024 年第 2 季度
=====================================================================================
       2024 年  4 月                2024 年  5 月                2024 年  6 月       
===========================  ===========================  ===========================
Sun Mon Tue Wed Thu Fri Sat  Sun Mon Tue Wed Thu Fri Sat  Sun Mon Tue Wed Thu Fri Sat
      1   2   3   4   5   6                1   2   3   4                            1  
  7   8   9  10  11  12  13    5   6   7   8   9  10  11    2   3   4   5   6   7   8  
 14  15  16  17  18  19  20   12  13  14  15  16  17  18    9  10  11  12  13  14  15  
 21  22  23  24  25  26  27   19  20  21  22  23  24  25   16  17  18  19  20  21  22  
 28  29  30                   26  27  28  29  30  31       23  24  25  26  27  28  29  
                                                           30                          
=====================================================================================

