48 + 44 = ??
76 - 73 = ??
55 - 18 = ??
66 - 22 = ??
18 ×  4 = ??
47 ×  1 = ??
 1 × 50 = ??
 3 × 14 = ??
41 + 11 = ??
48 + 23 = ??
29 + 67 = ??
93 +  5 = ??
 9 +  0 = ??
 4 ×  4 = ??
87 - 64 = ??
35 - 15 = ??
50 ÷  5 = ??
91 - 86 = ??
48 ÷  4 = ??
 1 ×  3 = ??
93 - 10 = ??
49 + 38 = ??
15 + 44 = ??
34 ÷  2 = ??
70 ÷ 10 = ??
96 - 38 = ??
56 ÷  2 = ??
80 + 13 = ??
18 ×  5 = ??
13 ×  4 = ??
68 ×  1 = ??
53 - 49 = ??
 0 × 49 = ??
37 - 22 = ??
 4 + 11 = ??
17 + 76 = ??
46 ÷ 23 = ??
 1 + 67 = ??
 1 × 97 = ??
 0 × 13 = ??
 3 ×  4 = ??
57 ÷ 19 = ??
 2 + 36 = ??
85 -  6 = ??
23 ×  4 = ??
39 ÷ 13 = ??
62 + 27 = ??
75 ÷  3 = ??
12 + 11 = ??
99 - 84 = ??
 9 + 52 = ??
17 ÷  1 = ??
 1 × 10 = ??
49 +  6 = ??
38 -  5 = ??
42 ÷  2 = ??
73 - 66 = ??
10 ÷  5 = ??
96 - 30 = ??
42 + 15 = ??
76 - 36 = ??
 2 ×  3 = ??
44 - 19 = ??
 7 + 88 = ??
90 - 48 = ??
 0 + 79 = ??
93 - 34 = ??
 3 + 58 = ??
99 - 71 = ??
 8 + 79 = ??
44 ÷  4 = ??
54 ÷  3 = ??
81 ×  1 = ??
57 + 35 = ??
64 -  4 = ??
61 - 17 = ??
61 - 47 = ??
36 ÷  4 = ??
 0 × 74 = ??
68 ÷  4 = ??
81 ÷  3 = ??
91 ÷  1 = ??
84 ÷ 14 = ??
 4 ÷  2 = ??
40 - 29 = ??
66 ÷  1 = ??
48 ×  2 = ??
 1 × 78 = ??
73 + 19 = ??
 0 × 76 = ??
96 +  1 = ??
37 + 57 = ??
63 + 15 = ??
13 + 83 = ??
56 - 17 = ??
 0 × 22 = ??
13 + 64 = ??
 0 × 52 = ??
23 ÷  1 = ??
69 ÷  1 = ??
10 + 47 = ??
92 ×  0 = ??
80 ÷  5 = ??
 9 ×  2 = ??
96 - 29 = ??
56 ÷ 28 = ??
 2 × 10 = ??
64 - 41 = ??
89 - 41 = ??
 3 + 46 = ??
75 ÷  5 = ??
60 + 29 = ??
70 - 13 = ??
38 ×  0 = ??
52 ×  1 = ??
80 ÷ 16 = ??
12 ÷  6 = ??
23 ×  3 = ??
10 ÷  2 = ??
64 ÷  4 = ??
12 + 53 = ??
24 -  8 = ??
50 - 40 = ??
60 +  8 = ??
68 +  3 = ??
60 +  7 = ??
 3 ×  5 = ??
 5 ×  2 = ??
 0 × 35 = ??
 1 × 19 = ??
34 + 61 = ??
88 - 60 = ??
35 ÷  7 = ??
24 ×  4 = ??
54 ÷  6 = ??
42 ÷  1 = ??
 0 × 16 = ??
82 -  2 = ??
80 - 52 = ??
15 ÷  3 = ??
42 - 14 = ??
25 -  9 = ??
50 + 30 = ??
85 ×  1 = ??
 3 × 30 = ??
69 ÷ 23 = ??
75 ÷  5 = ??
21 ÷  7 = ??
69 ÷  1 = ??
83 - 56 = ??
24 + 64 = ??
 0 + 45 = ??
83 - 11 = ??
90 - 43 = ??
77 ÷ 11 = ??
 4 × 14 = ??
60 ÷  2 = ??
80 +  4 = ??
40 - 26 = ??
69 + 30 = ??
19 + 78 = ??
86 ×  0 = ??
96 ÷  4 = ??
47 + 14 = ??
12 + 14 = ??
82 + 14 = ??
92 - 87 = ??
24 + 51 = ??
64 ÷  1 = ??
52 ×  1 = ??
27 +  7 = ??
64 - 53 = ??
52 - 15 = ??
61 +  1 = ??
38 + 52 = ??
 1 × 13 = ??
74 - 54 = ??
68 ÷ 34 = ??
78 - 50 = ??
 0 × 53 = ??
81 - 42 = ??
63 ×  1 = ??
11 ×  8 = ??
 3 × 12 = ??
26 ÷ 13 = ??
12 ×  7 = ??
12 ÷  2 = ??
18 ÷  9 = ??
70 ÷ 35 = ??
 1 + 95 = ??
78 - 53 = ??
87 - 67 = ??
68 ÷  1 = ??
74 ÷  2 = ??
37 + 44 = ??
